2026-03-03 01:23:02 AM | INFO     | --- Starting NetManager Bot ---
2026-03-03 01:23:02 AM | INFO     | logging in using static token
2026-03-03 01:23:03 AM | INFO     | Waiting for bot to be ready before starting traffic task...
2026-03-03 01:23:04 AM | INFO     | Shard ID None has connected to Gateway (Session ID: 64af40114cdd2d316453da9f4b8daa36).
2026-03-03 01:23:06 AM | INFO     | Bot is ready. Traffic task started.
2026-03-03 01:23:06 AM | INFO     | Starting scheduled traffic check...
2026-03-03 01:23:07 AM | INFO     | Applying Firewall Lockdown: Mode=NORMAL (Banning list)
2026-03-03 01:23:08 AM | INFO     | Firewall rules synchronized successfully.
2026-03-03 01:23:08 AM | INFO     | Scheduled traffic check completed successfully.
2026-03-03 01:24:42 AM | INFO     | --- Starting NetManager Bot ---
2026-03-03 01:24:42 AM | INFO     | logging in using static token
2026-03-03 01:24:43 AM | INFO     | Waiting for bot to be ready before starting traffic task...
2026-03-03 01:24:44 AM | INFO     | Shard ID None has connected to Gateway (Session ID: 523b457d88276019b3ce3736e29dd732).
2026-03-03 01:24:46 AM | INFO     | Bot is ready. Traffic task started.
2026-03-03 01:24:46 AM | INFO     | Starting scheduled traffic check...
2026-03-03 01:24:47 AM | INFO     | Applying Firewall Lockdown: Mode=NORMAL (Banning list)
2026-03-03 01:24:48 AM | INFO     | Firewall rules synchronized successfully.
2026-03-03 01:24:48 AM | INFO     | Scheduled traffic check completed successfully.
2026-03-03 01:28:25 AM | INFO     | --- Starting NetManager Bot ---
2026-03-03 01:28:25 AM | INFO     | logging in using static token
2026-03-03 01:28:26 AM | INFO     | Waiting for bot to be ready before starting traffic task...
2026-03-03 01:28:27 AM | INFO     | Shard ID None has connected to Gateway (Session ID: f2208db4199865efffb59d8b73ccd574).
2026-03-03 01:28:29 AM | INFO     | Bot is ready. Traffic task started.
2026-03-03 01:28:29 AM | INFO     | Starting scheduled traffic check...
2026-03-03 01:28:30 AM | INFO     | Applying Firewall Lockdown: Mode=NORMAL (Banning list)
2026-03-03 01:28:31 AM | INFO     | Firewall rules synchronized successfully.
2026-03-03 01:28:31 AM | INFO     | Scheduled traffic check completed successfully.
2026-03-03 01:31:03 AM | INFO     | --- Starting NetManager Bot ---
2026-03-03 01:31:03 AM | INFO     | logging in using static token
2026-03-03 01:31:04 AM | INFO     | Waiting for bot to be ready before starting traffic task...
2026-03-03 01:31:05 AM | INFO     | Shard ID None has connected to Gateway (Session ID: 5f67e999d994faf7e67aa10d516da2b3).
2026-03-03 01:31:07 AM | INFO     | Bot is ready. Traffic task started.
2026-03-03 01:31:07 AM | INFO     | Starting scheduled traffic check...
2026-03-03 01:31:08 AM | INFO     | Applying Firewall Lockdown: Mode=NORMAL (Banning list)
2026-03-03 01:31:09 AM | INFO     | Firewall rules synchronized successfully.
2026-03-03 01:31:09 AM | INFO     | Scheduled traffic check completed successfully.
2026-03-03 01:31:43 AM | INFO     | User 0xb3lal requested balance check.
2026-03-03 01:31:45 AM | INFO     | Successfully fetched balance: 20.4 GB
2026-03-03 01:31:46 AM | INFO     | Balance sent to 0xb3lal: 20.4 GB
2026-03-03 01:32:49 AM | INFO     | --- Starting NetManager Bot ---
2026-03-03 01:32:49 AM | INFO     | logging in using static token
2026-03-03 01:32:50 AM | INFO     | Waiting for bot to be ready before starting traffic task...
2026-03-03 01:32:51 AM | INFO     | Shard ID None has connected to Gateway (Session ID: d9059083880eed54a6524d856cbf9255).
2026-03-03 01:32:53 AM | INFO     | Bot is ready. Traffic task started.
2026-03-03 01:32:53 AM | INFO     | Starting scheduled traffic check...
2026-03-03 01:32:54 AM | INFO     | Applying Firewall Lockdown: Mode=NORMAL (Banning list)
2026-03-03 01:32:54 AM | INFO     | Firewall rules synchronized successfully.
2026-03-03 01:32:54 AM | INFO     | Scheduled traffic check completed successfully.
2026-03-03 01:33:29 AM | INFO     | --- Starting NetManager Bot ---
2026-03-03 01:33:29 AM | INFO     | logging in using static token
2026-03-03 01:33:30 AM | INFO     | Waiting for bot to be ready before starting traffic task...
2026-03-03 01:33:31 AM | INFO     | Shard ID None has connected to Gateway (Session ID: 5a06edac338993417fdd416519ec9a98).
2026-03-03 01:33:33 AM | INFO     | Bot is ready. Traffic task started.
2026-03-03 01:33:33 AM | INFO     | Starting scheduled traffic check...
2026-03-03 01:33:34 AM | INFO     | Applying Firewall Lockdown: Mode=NORMAL (Banning list)
2026-03-03 01:33:35 AM | INFO     | Firewall rules synchronized successfully.
2026-03-03 01:33:35 AM | INFO     | Scheduled traffic check completed successfully.
2026-03-03 01:43:27 AM | INFO     | --- Starting NetManager Bot ---
2026-03-03 01:43:27 AM | INFO     | logging in using static token
2026-03-03 01:43:28 AM | INFO     | Waiting for bot to be ready before starting traffic task...
2026-03-03 01:43:29 AM | INFO     | Shard ID None has connected to Gateway (Session ID: b07f658fa65d07382e1e194b3c074f31).
2026-03-03 01:43:31 AM | INFO     | Bot is ready. Traffic task started.
2026-03-03 01:43:31 AM | INFO     | Starting scheduled traffic check...
2026-03-03 01:43:32 AM | INFO     | Applying Firewall Lockdown: Mode=NORMAL (Banning list)
2026-03-03 01:43:33 AM | INFO     | Firewall rules synchronized successfully.
2026-03-03 01:43:33 AM | INFO     | Scheduled traffic check completed successfully.
2026-03-03 01:43:45 AM | INFO     | User 0xb3lal requested balance check.
2026-03-03 01:43:46 AM | INFO     | Successfully fetched balance: 20.2 GB
2026-03-03 01:43:47 AM | INFO     | Balance sent to 0xb3lal: 20.2 GB
2026-03-03 01:45:16 AM | INFO     | ACTION: /blk | User: 0xb3lal (ID: 1139903605432918146) | Target: F2:72:C9:B8:4B:C7
2026-03-03 01:45:16 AM | INFO     | Internal: Added F2:72:C9:B8:4B:C7 to memory banned set.
2026-03-03 01:45:16 AM | INFO     | Applying Firewall Lockdown: Mode=NORMAL (Banning list)
2026-03-03 01:45:16 AM | INFO     | Firewall rules synchronized successfully.
2026-03-03 01:45:17 AM | INFO     | SUCCESS: F2:72:C9:B8:4B:C7 (Tablet) blocked by 0xb3lal. Total banned: 1
2026-03-03 01:45:43 AM | INFO     | ACTION: /blk | User: 0xb3lal (ID: 1139903605432918146) | Target: D6:62:9E:2B:31:3D
2026-03-03 01:45:43 AM | INFO     | Internal: Added D6:62:9E:2B:31:3D to memory banned set.
2026-03-03 01:45:43 AM | INFO     | Applying Firewall Lockdown: Mode=NORMAL (Banning list)
2026-03-03 01:45:44 AM | INFO     | Firewall rules synchronized successfully.
2026-03-03 01:45:44 AM | INFO     | SUCCESS: D6:62:9E:2B:31:3D (Yousef) blocked by 0xb3lal. Total banned: 2
2026-03-03 01:46:02 AM | INFO     | User 0xb3lal (ID: 1139903605432918146) requested the banned MACs list.
2026-03-03 01:46:02 AM | INFO     | Sent banned list (2 devices) to 0xb3lal.
2026-03-03 01:46:26 AM | INFO     | ACTION: /rm | User: 0xb3lal (ID: 1139903605432918146) | Target MAC: F2:72:C9:B8:4B:C7
2026-03-03 01:46:26 AM | INFO     | Internal: Removed F2:72:C9:B8:4B:C7 from memory banned set.
2026-03-03 01:46:26 AM | INFO     | Applying Firewall Lockdown: Mode=NORMAL (Banning list)
2026-03-03 01:46:27 AM | INFO     | Firewall rules synchronized successfully.
2026-03-03 01:46:27 AM | INFO     | SUCCESS: F2:72:C9:B8:4B:C7 has been unblocked by 0xb3lal. New list size: 1
2026-03-03 01:46:53 AM | INFO     | ACTION: /rm | User: 0xb3lal (ID: 1139903605432918146) | Target MAC: D6:62:9E:2B:31:3D
2026-03-03 01:46:53 AM | INFO     | Internal: Removed D6:62:9E:2B:31:3D from memory banned set.
2026-03-03 01:46:53 AM | INFO     | Applying Firewall Lockdown: Mode=NORMAL (Banning list)
2026-03-03 01:46:54 AM | INFO     | Firewall rules synchronized successfully.
2026-03-03 01:46:54 AM | INFO     | SUCCESS: D6:62:9E:2B:31:3D has been unblocked by 0xb3lal. New list size: 0
2026-03-03 01:48:02 AM | INFO     | --- Starting NetManager Bot ---
2026-03-03 01:48:02 AM | INFO     | logging in using static token
2026-03-03 01:48:03 AM | INFO     | Waiting for bot to be ready before starting traffic task...
2026-03-03 01:48:04 AM | INFO     | Shard ID None has connected to Gateway (Session ID: 63e28ea49982377bb8151fc56edee362).
2026-03-03 01:48:06 AM | INFO     | Bot is ready. Traffic task started.
2026-03-03 01:48:06 AM | INFO     | Starting scheduled traffic check...
2026-03-03 01:48:07 AM | INFO     | Applying Firewall Lockdown: Mode=NORMAL (Banning list)
2026-03-03 01:48:08 AM | INFO     | Firewall rules synchronized successfully.
2026-03-03 01:48:08 AM | INFO     | Scheduled traffic check completed successfully.
2026-03-03 02:05:29 AM | INFO     | --- Starting NetManager Bot ---
2026-03-03 02:05:29 AM | INFO     | logging in using static token
2026-03-03 02:05:30 AM | INFO     | Waiting for bot to be ready before starting traffic task...
2026-03-03 02:05:31 AM | INFO     | Shard ID None has connected to Gateway (Session ID: 0d0e97ac3fe7f8cee5f23b44e20a45b5).
2026-03-03 02:05:33 AM | INFO     | Bot is ready. Traffic task started.
2026-03-03 02:05:33 AM | INFO     | Starting scheduled traffic check...
2026-03-03 02:05:34 AM | INFO     | Applying Firewall Lockdown: Mode=NORMAL (Banning list)
2026-03-03 02:05:34 AM | INFO     | Firewall rules synchronized successfully.
2026-03-03 02:05:34 AM | INFO     | Scheduled traffic check completed successfully.
2026-03-03 02:05:48 AM | INFO     | User 0xb3lal requested online devices list.
2026-03-03 02:06:38 AM | INFO     | User 0xb3lal requested online devices list.
2026-03-03 02:11:48 AM | INFO     | --- Starting NetManager Bot ---
2026-03-03 02:11:48 AM | INFO     | logging in using static token
2026-03-03 02:11:49 AM | INFO     | Waiting for bot to be ready before starting traffic task...
2026-03-03 02:11:50 AM | INFO     | Shard ID None has connected to Gateway (Session ID: 57159299228dd142320c26600ae94d93).
2026-03-03 02:11:52 AM | INFO     | Bot is ready. Traffic task started.
2026-03-03 02:11:52 AM | INFO     | Starting scheduled traffic check...
2026-03-03 02:11:53 AM | INFO     | Applying Firewall Lockdown: Mode=NORMAL (Banning list)
2026-03-03 02:11:54 AM | INFO     | Firewall rules synchronized successfully.
2026-03-03 02:11:54 AM | INFO     | Scheduled traffic check completed successfully.
2026-03-03 02:12:06 AM | INFO     | User 0xb3lal requested online devices list.
2026-03-03 02:13:32 AM | INFO     | --- Starting NetManager Bot ---
2026-03-03 02:13:32 AM | INFO     | logging in using static token
2026-03-03 02:13:33 AM | INFO     | Waiting for bot to be ready before starting traffic task...
2026-03-03 02:13:34 AM | INFO     | Shard ID None has connected to Gateway (Session ID: cbeade4670c2d2c9e75fde93d170f2d3).
2026-03-03 02:13:36 AM | INFO     | Bot is ready. Traffic task started.
2026-03-03 02:13:36 AM | INFO     | Starting scheduled traffic check...
2026-03-03 02:13:37 AM | INFO     | Applying Firewall Lockdown: Mode=NORMAL (Banning list)
2026-03-03 02:13:38 AM | INFO     | Firewall rules synchronized successfully.
2026-03-03 02:13:38 AM | INFO     | Scheduled traffic check completed successfully.
2026-03-03 02:13:54 AM | INFO     | User 0xb3lal requested online devices list.
